<?xml version="1.0" encoding="UTF-8"?>
<testsuites name="Mocha Tests" time="12.868" tests="4" failures="1">
  <testsuite name="Root Suite" timestamp="2020-01-18T19:52:34" tests="0" failures="0" time="0">
  </testsuite>
  <testsuite name="TC-3 - Checking form elements" timestamp="2020-01-18T19:52:34" tests="4" failures="1" time="12.868">
    <testcase name="TC-3 - Checking form elements should have proper browser title" time="7.041" classname="should have proper browser title">
    </testcase>
    <testcase name="TC-3 - Checking form elements should not have the readonly input in viewport" time="2.208" classname="should not have the readonly input in viewport">
    </testcase>
    <testcase name="TC-3 - Checking form elements should have the readonly input in viewport after scroll" time="0" classname="should have the readonly input in viewport after scroll">
      <failure message="Timed out retrying: expected 4143.0625 to be below 1080" type="CypressError"><![CDATA[CypressError: Timed out retrying: expected 4143.0625 to be below 1080
    at Object.cypressErr (https://getbootstrap.com/__cypress/runner/cypress_runner.js:86206:11)
    at Object.throwErr (https://getbootstrap.com/__cypress/runner/cypress_runner.js:86161:18)
    at Object.throwErrByPath (https://getbootstrap.com/__cypress/runner/cypress_runner.js:86193:17)
    at retry (https://getbootstrap.com/__cypress/runner/cypress_runner.js:76849:16)
    at onFailFn (https://getbootstrap.com/__cypress/runner/cypress_runner.js:65634:16)
    at tryCatcher (https://getbootstrap.com/__cypress/runner/cypress_runner.js:120669:23)
    at Promise._settlePromiseFromHandler (https://getbootstrap.com/__cypress/runner/cypress_runner.js:118605:31)
    at Promise._settlePromise (https://getbootstrap.com/__cypress/runner/cypress_runner.js:118662:18)
    at Promise._settlePromise0 (https://getbootstrap.com/__cypress/runner/cypress_runner.js:118707:10)
    at Promise._settlePromises (https://getbootstrap.com/__cypress/runner/cypress_runner.js:118782:18)
    at Async../node_modules/bluebird/js/release/async.js.Async._drainQueue (https://getbootstrap.com/__cypress/runner/cypress_runner.js:115394:16)
    at Async../node_modules/bluebird/js/release/async.js.Async._drainQueues (https://getbootstrap.com/__cypress/runner/cypress_runner.js:115404:10)
    at Async.drainQueues (https://getbootstrap.com/__cypress/runner/cypress_runner.js:115278:14)]]></failure>
    </testcase>
    <testcase name="TC-3 - Checking form elements should have readonly input which readonly" time="3.619" classname="should have readonly input which readonly">
    </testcase>
  </testsuite>
</testsuites>